---
source: src/config.rs
expression: result
---
ModuleConfiguration {
    identifier: 01920a0e-8c4e-7bbb-80a3-fcae235253ae,
    name: "Something about the cloud security",
    description: "",
    version: "0.0.1",
    categories: [
        Category {
            tasks: [
                Task {
                    id: "task002",
                    name: "How do containers work?",
                    description: "",
                    points: 1.0,
                    stages: [
                        TaskElement {
                            id: Some(
                                "task0021",
                            ),
                            name: Some(
                                "Find the flag :)",
                            ),
                            description: None,
                            weight: Some(
                                1,
                            ),
                            flag: FlagVariant {
                                kind: PureRandom,
                            },
                            batch: Some(
                                BatchConfig {
                                    count: 6,
                                },
                            ),
                        },
                    ],
                    build: BuildConfig {
                        directory: "ansible",
                        builder: Shell(
                            Shell {
                                entrypoint: "entrypoint.sh",
                            },
                        ),
                        output: [
                            BuildOutputFile {
                                kind: Readme(
                                    "readme.txt",
                                ),
                            },
                        ],
                        enabled_modes: NonEmptyBuildModes(
                            [
                                Batch,
                            ],
                        ),
                    },
                },
            ],
            number: 4,
            name: "Container security",
        },
    ],
    flag_config: FlagConfig {
        pure_random: PureRandom {
            length: 32,
        },
        user_derived: UserDerived {
            algorithm: HMAC_SHA3_256,
            secret: "Try to guess the super secret secret!",
        },
        rng_seed: RngSeed {
            secret: "HaHa you don't know it",
        },
    },
    deployment: Deployment {
        build_timeout: 300,
        upload: Upload {
            aws_s3_endpoint: "",
            aws_region: "",
            bucket_name: "",
            use_pre_signed: false,
            link_expiration: 7,
            file_expiration: 31,
        },
    },
}
